src/components/logs/LogFeed.tsx(2,27): error TS6133: 'motion' is declared but its value is never read.
src/components/logs/LogFeed.tsx(5,20): error TS6196: 'LogStatus' is declared but never used.
src/components/logs/StickyBoard.tsx(53,44): error TS2304: Cannot find name 'onResolve'.
src/components/rooms/RoomManagementModal.tsx(4,5): error TS6133: 'X' is declared but its value is never read.
src/components/rooms/RoomManagementModal.tsx(7,5): error TS6133: 'Check' is declared but its value is never read.
src/components/rooms/RoomManagementModal.tsx(10,5): error TS6133: 'Users' is declared but its value is never read.
src/components/rooms/RoomManagementModal.tsx(15,5): error TS6133: 'Filter' is declared but its value is never read.
src/components/rooms/RoomManagementModal.tsx(16,5): error TS6133: 'Settings' is declared but its value is never read.
src/components/rooms/RoomManagementModal.tsx(22,1): error TS6133: 'Badge' is declared but its value is never read.
src/components/rooms/RoomManagementModal.tsx(56,9): error TS6133: 'loading' is declared but its value is never read.
src/components/shift/CurrentShiftDisplay.tsx(2,1): error TS6133: 'motion' is declared but its value is never read.
src/components/shift/CurrentShiftDisplay.tsx(27,51): error TS6133: 'rosterLoading' is declared but its value is never read.
src/pages/DashboardPage.tsx(20,1): error TS6192: All imports in import declaration are unused.
src/pages/DashboardPage.tsx(35,1): error TS6133: 'CompliancePulse' is declared but its value is never read.
src/pages/DashboardPage.tsx(53,19): error TS6133: 'signOut' is declared but its value is never read.
src/pages/DashboardPage.tsx(64,12): error TS6133: 'isMobileMenuOpen' is declared but its value is never read.
src/pages/DashboardPage.tsx(64,30): error TS6133: 'setIsMobileMenuOpen' is declared but its value is never read.
src/pages/DashboardPage.tsx(77,11): error TS6133: 'criticalTickets' is declared but its value is never read.
